// Jest Snapshot v1, https://goo.gl/fbAQLP

exports[`render MoviePageReviews should MPR render correctly 1`] = `
<div
  className="movie-card__reviews movie-card__row"
>
  <div
    className="movie-card__reviews-col"
  >
    <div
      className="review"
    >
      <blockquote
        className="review__quote"
      >
        <p
          className="review__text"
        >
          The lives of two mob hitmen, a boxer, a gangster and his wife, and a pair of diner bandits intertwine in four tales of violence and redemption.
        </p>
        <footer
          className="review__details"
        >
          <cite
            className="review__author"
          >
            Kate Moss
          </cite>
          <time
            className="review__date"
            dateTime="2016-12-24"
          >
            Pulp Fuction
          </time>
        </footer>
      </blockquote>
      <div
        className="review__rating"
      >
        2.2
      </div>
    </div>
  </div>
</div>
`;
